// Jest Snapshot v1, https://goo.gl/fbAQLP

exports[`CreateListActionConnected  Should match its snapshot 1`] = `
<PopoverButton
  handlerAddMovieToList={[Function]}
  item={
    Object {
      "id": 9,
    }
  }
/>
`;
