// Jest Snapshot v1, https://goo.gl/fbAQLP

exports[`Component: App should match its snapshot 1`] = `
<div
  className="App"
>
  <Connect(ParentForm) />
  <Connect(TopFilmsContainer) />
  <GlobalStyleComponent />
</div>
`;
