// Jest Snapshot v1, https://goo.gl/fbAQLP

exports[`Component: FormButton should match its snapshot. 1`] = `
<Button
  block={false}
  ghost={false}
  htmlType="submit"
  loading={false}
  type="primary"
>
  Login
</Button>
`;
